Frame.something = () -> {
    'Some stuff'
}

Frame.something = (arg) -> {
    arg
}

Integer.+ = (other) -> {#(addi (self) (get other))}
Integer.- = (other) -> {#(subi (self) (get other))}
Integer.* = (other) -> {#(muli (self) (get other))}
Integer./ = (other) -> {#(divi (self) (get other))}

Integer.whatever = 'HI'

//Frame.something()

1.+(3).*(2)

Frame.something()